main.c:92:5:parse_buffer	32	static
main.c:111:6:process_sample	24	static
main.c:163:6:build_model	40	dynamic
main.c:188:6:HAL_UART_RxCpltCallback	2072	static
main.c:211:6:user_pwm_setvalue	56	static
main.c:223:6:close_hand	8	static
main.c:231:6:open_hand	8	static
main.c:245:5:main	8	static
main.c:304:6:SystemClock_Config	88	static
main.c:347:13:MX_ADC1_Init	24	static
main.c:445:13:MX_TIM3_Init	64	static
main.c:516:13:MX_TIM4_Init	64	static
main.c:579:13:MX_UART4_Init	8	static
main.c:610:13:MX_DMA_Init	16	static
main.c:632:13:MX_GPIO_Init	32	static
main.c:652:6:Error_Handler	4	static
