main.c:85:5:parse_buffer	32	static
main.c:104:6:process_sample	24	static
main.c:156:6:build_model	40	dynamic
main.c:181:6:HAL_UART_RxCpltCallback	2072	static
main.c:202:6:user_pwm_setvalue	56	static
main.c:220:5:main	16	static
main.c:299:6:SystemClock_Config	88	static
main.c:342:13:MX_TIM3_Init	64	static
main.c:413:13:MX_TIM4_Init	64	static
main.c:476:13:MX_UART4_Init	8	static
main.c:507:13:MX_DMA_Init	16	static
main.c:525:13:MX_GPIO_Init	32	static
main.c:545:6:Error_Handler	4	static
